src/algorithms/edit-distance/edit-distance.memoization.ts(1,15): error TS2724: '"../../types/step.types"' has no exported member named 'AlgorithmModule'. Did you mean 'AlgorithmId'?
src/algorithms/edit-distance/edit-distance.memoization.ts(1,32): error TS2305: Module '"../../types/step.types"' has no exported member 'EditDistanceInput'.
src/algorithms/edit-distance/edit-distance.memoization.ts(67,7): error TS2532: Object is possibly 'undefined'.
src/algorithms/edit-distance/edit-distance.memoization.ts(72,7): error TS2532: Object is possibly 'undefined'.
src/algorithms/edit-distance/edit-distance.memoization.ts(81,7): error TS2532: Object is possibly 'undefined'.
src/algorithms/edit-distance/edit-distance.memoization.ts(81,7): error TS2532: Object is possibly 'undefined'.
src/algorithms/edit-distance/edit-distance.memoization.ts(84,11): error TS2532: Object is possibly 'undefined'.
src/algorithms/edit-distance/edit-distance.memoization.ts(84,11): error TS2532: Object is possibly 'undefined'.
src/algorithms/edit-distance/edit-distance.memoization.ts(86,9): error TS2532: Object is possibly 'undefined'.
src/algorithms/edit-distance/edit-distance.memoization.ts(86,9): error TS2532: Object is possibly 'undefined'.
src/algorithms/edit-distance/edit-distance.memoization.ts(87,62): error TS2532: Object is possibly 'undefined'.
src/algorithms/edit-distance/edit-distance.memoization.ts(87,62): error TS2532: Object is possibly 'undefined'.
src/algorithms/edit-distance/edit-distance.memoization.ts(88,16): error TS2532: Object is possibly 'undefined'.
src/algorithms/edit-distance/edit-distance.memoization.ts(88,16): error TS2532: Object is possibly 'undefined'.
src/algorithms/edit-distance/edit-distance.memoization.ts(97,9): error TS2532: Object is possibly 'undefined'.
src/algorithms/edit-distance/edit-distance.memoization.ts(98,9): error TS2532: Object is possibly 'undefined'.
src/algorithms/edit-distance/edit-distance.memoization.ts(98,9): error TS2532: Object is possibly 'undefined'.
src/algorithms/edit-distance/edit-distance.memoization.ts(109,9): error TS2532: Object is possibly 'undefined'.
src/algorithms/edit-distance/edit-distance.memoization.ts(109,9): error TS2532: Object is possibly 'undefined'.
src/algorithms/edit-distance/edit-distance.memoization.ts(110,9): error TS2532: Object is possibly 'undefined'.
src/algorithms/edit-distance/edit-distance.memoization.ts(110,9): error TS2532: Object is possibly 'undefined'.
src/algorithms/edit-distance/edit-distance.memoization.ts(111,9): error TS2532: Object is possibly 'undefined'.
src/algorithms/edit-distance/edit-distance.memoization.ts(111,9): error TS2532: Object is possibly 'undefined'.
src/algorithms/edit-distance/edit-distance.memoization.ts(116,9): error TS2532: Object is possibly 'undefined'.
src/algorithms/edit-distance/edit-distance.memoization.ts(126,9): error TS2532: Object is possibly 'undefined'.
src/algorithms/edit-distance/edit-distance.memoization.ts(126,9): error TS2532: Object is possibly 'undefined'.
src/algorithms/edit-distance/edit-distance.memoization.ts(127,9): error TS2532: Object is possibly 'undefined'.
src/algorithms/edit-distance/edit-distance.memoization.ts(127,9): error TS2532: Object is possibly 'undefined'.
src/algorithms/edit-distance/edit-distance.memoization.ts(128,9): error TS2532: Object is possibly 'undefined'.
src/algorithms/edit-distance/edit-distance.memoization.ts(128,9): error TS2532: Object is possibly 'undefined'.
src/algorithms/edit-distance/edit-distance.memoization.ts(134,56): error TS2532: Object is possibly 'undefined'.
src/algorithms/edit-distance/edit-distance.memoization.ts(134,56): error TS2532: Object is possibly 'undefined'.
src/algorithms/edit-distance/edit-distance.memoization.ts(141,7): error TS2532: Object is possibly 'undefined'.
src/algorithms/edit-distance/edit-distance.memoization.ts(141,7): error TS2532: Object is possibly 'undefined'.
src/algorithms/edit-distance/edit-distance.memoization.ts(143,9): error TS2532: Object is possibly 'undefined'.
src/algorithms/edit-distance/edit-distance.memoization.ts(143,9): error TS2532: Object is possibly 'undefined'.
src/algorithms/edit-distance/edit-distance.memoization.ts(144,9): error TS2532: Object is possibly 'undefined'.
src/algorithms/edit-distance/edit-distance.memoization.ts(144,9): error TS2532: Object is possibly 'undefined'.
src/algorithms/edit-distance/edit-distance.memoization.ts(144,34): error TS2532: Object is possibly 'undefined'.
src/algorithms/edit-distance/edit-distance.memoization.ts(144,34): error TS2532: Object is possibly 'undefined'.
src/algorithms/edit-distance/edit-distance.memoization.ts(150,55): error TS2532: Object is possibly 'undefined'.
src/algorithms/edit-distance/edit-distance.memoization.ts(150,55): error TS2532: Object is possibly 'undefined'.
src/algorithms/edit-distance/edit-distance.memoization.ts(150,103): error TS2532: Object is possibly 'undefined'.
src/algorithms/edit-distance/edit-distance.memoization.ts(150,103): error TS2532: Object is possibly 'undefined'.
src/algorithms/edit-distance/edit-distance.memoization.ts(150,140): error TS2532: Object is possibly 'undefined'.
src/algorithms/edit-distance/edit-distance.memoization.ts(150,140): error TS2532: Object is possibly 'undefined'.
src/algorithms/edit-distance/edit-distance.memoization.ts(151,44): error TS2532: Object is possibly 'undefined'.
src/algorithms/edit-distance/edit-distance.memoization.ts(151,44): error TS2532: Object is possibly 'undefined'.
src/algorithms/edit-distance/edit-distance.memoization.ts(151,90): error TS2532: Object is possibly 'undefined'.
src/algorithms/edit-distance/edit-distance.memoization.ts(151,90): error TS2532: Object is possibly 'undefined'.
src/algorithms/edit-distance/edit-distance.memoization.ts(151,125): error TS2532: Object is possibly 'undefined'.
src/algorithms/edit-distance/edit-distance.memoization.ts(151,125): error TS2532: Object is possibly 'undefined'.
src/algorithms/edit-distance/edit-distance.memoization.ts(152,44): error TS2532: Object is possibly 'undefined'.
src/algorithms/edit-distance/edit-distance.memoization.ts(152,44): error TS2532: Object is possibly 'undefined'.
src/algorithms/edit-distance/edit-distance.memoization.ts(152,90): error TS2532: Object is possibly 'undefined'.
src/algorithms/edit-distance/edit-distance.memoization.ts(152,90): error TS2532: Object is possibly 'undefined'.
src/algorithms/edit-distance/edit-distance.memoization.ts(152,125): error TS2532: Object is possibly 'undefined'.
src/algorithms/edit-distance/edit-distance.memoization.ts(152,125): error TS2532: Object is possibly 'undefined'.
src/algorithms/edit-distance/edit-distance.memoization.ts(155,32): error TS2532: Object is possibly 'undefined'.
src/algorithms/edit-distance/edit-distance.memoization.ts(155,32): error TS2532: Object is possibly 'undefined'.
src/algorithms/edit-distance/edit-distance.memoization.ts(155,76): error TS2532: Object is possibly 'undefined'.
src/algorithms/edit-distance/edit-distance.memoization.ts(155,76): error TS2532: Object is possibly 'undefined'.
src/algorithms/edit-distance/edit-distance.memoization.ts(155,109): error TS2532: Object is possibly 'undefined'.
src/algorithms/edit-distance/edit-distance.memoization.ts(155,109): error TS2532: Object is possibly 'undefined'.
src/algorithms/edit-distance/edit-distance.memoization.ts(158,11): error TS2532: Object is possibly 'undefined'.
src/algorithms/edit-distance/edit-distance.memoization.ts(158,11): error TS2532: Object is possibly 'undefined'.
src/algorithms/edit-distance/edit-distance.memoization.ts(159,11): error TS2532: Object is possibly 'undefined'.
src/algorithms/edit-distance/edit-distance.memoization.ts(159,11): error TS2532: Object is possibly 'undefined'.
src/algorithms/edit-distance/edit-distance.memoization.ts(159,36): error TS2532: Object is possibly 'undefined'.
src/algorithms/edit-distance/edit-distance.memoization.ts(159,36): error TS2532: Object is possibly 'undefined'.
src/algorithms/edit-distance/edit-distance.memoization.ts(165,11): error TS2532: Object is possibly 'undefined'.
src/algorithms/edit-distance/edit-distance.memoization.ts(165,11): error TS2532: Object is possibly 'undefined'.
src/algorithms/edit-distance/edit-distance.memoization.ts(166,11): error TS2532: Object is possibly 'undefined'.
src/algorithms/edit-distance/edit-distance.memoization.ts(166,11): error TS2532: Object is possibly 'undefined'.
src/algorithms/edit-distance/edit-distance.memoization.ts(166,36): error TS2532: Object is possibly 'undefined'.
src/algorithms/edit-distance/edit-distance.memoization.ts(166,36): error TS2532: Object is possibly 'undefined'.
src/algorithms/edit-distance/edit-distance.memoization.ts(171,11): error TS2532: Object is possibly 'undefined'.
src/algorithms/edit-distance/edit-distance.memoization.ts(171,11): error TS2532: Object is possibly 'undefined'.
src/algorithms/edit-distance/edit-distance.memoization.ts(172,11): error TS2532: Object is possibly 'undefined'.
src/algorithms/edit-distance/edit-distance.memoization.ts(172,11): error TS2532: Object is possibly 'undefined'.
src/algorithms/edit-distance/edit-distance.memoization.ts(172,36): error TS2532: Object is possibly 'undefined'.
src/algorithms/edit-distance/edit-distance.memoization.ts(172,36): error TS2532: Object is possibly 'undefined'.
src/algorithms/edit-distance/edit-distance.memoization.ts(180,5): error TS2532: Object is possibly 'undefined'.
src/algorithms/edit-distance/edit-distance.memoization.ts(180,5): error TS2532: Object is possibly 'undefined'.
src/algorithms/edit-distance/edit-distance.memoization.ts(181,58): error TS2532: Object is possibly 'undefined'.
src/algorithms/edit-distance/edit-distance.memoization.ts(181,58): error TS2532: Object is possibly 'undefined'.
src/algorithms/edit-distance/edit-distance.memoization.ts(205,56): error TS2532: Object is possibly 'undefined'.
src/algorithms/edit-distance/edit-distance.memoization.ts(205,56): error TS2532: Object is possibly 'undefined'.
src/algorithms/edit-distance/edit-distance.tabulation.ts(1,15): error TS2724: '"../../types/step.types"' has no exported member named 'AlgorithmModule'. Did you mean 'AlgorithmId'?
src/algorithms/edit-distance/edit-distance.tabulation.ts(1,32): error TS2305: Module '"../../types/step.types"' has no exported member 'EditDistanceInput'.
src/algorithms/edit-distance/edit-distance.tabulation.ts(62,7): error TS2532: Object is possibly 'undefined'.
src/algorithms/edit-distance/edit-distance.tabulation.ts(67,7): error TS2532: Object is possibly 'undefined'.
src/algorithms/edit-distance/edit-distance.tabulation.ts(74,9): error TS2532: Object is possibly 'undefined'.
src/algorithms/edit-distance/edit-distance.tabulation.ts(74,9): error TS2532: Object is possibly 'undefined'.
src/algorithms/edit-distance/edit-distance.tabulation.ts(75,9): error TS2532: Object is possibly 'undefined'.
src/algorithms/edit-distance/edit-distance.tabulation.ts(75,9): error TS2532: Object is possibly 'undefined'.
src/algorithms/edit-distance/edit-distance.tabulation.ts(80,23): error TS2532: Object is possibly 'undefined'.
src/algorithms/edit-distance/edit-distance.tabulation.ts(80,23): error TS2532: Object is possibly 'undefined'.
src/algorithms/edit-distance/edit-distance.tabulation.ts(81,11): error TS2532: Object is possibly 'undefined'.
src/algorithms/edit-distance/edit-distance.tabulation.ts(82,11): error TS2532: Object is possibly 'undefined'.
src/algorithms/edit-distance/edit-distance.tabulation.ts(82,11): error TS2532: Object is possibly 'undefined'.
src/algorithms/edit-distance/edit-distance.tabulation.ts(86,11): error TS2532: Object is possibly 'undefined'.
src/algorithms/edit-distance/edit-distance.tabulation.ts(86,11): error TS2532: Object is possibly 'undefined'.
src/algorithms/edit-distance/edit-distance.tabulation.ts(87,11): error TS2532: Object is possibly 'undefined'.
src/algorithms/edit-distance/edit-distance.tabulation.ts(87,11): error TS2532: Object is possibly 'undefined'.
src/algorithms/edit-distance/edit-distance.tabulation.ts(88,11): error TS2532: Object is possibly 'undefined'.
src/algorithms/edit-distance/edit-distance.tabulation.ts(88,11): error TS2532: Object is possibly 'undefined'.
src/algorithms/edit-distance/edit-distance.tabulation.ts(90,28): error TS2532: Object is possibly 'undefined'.
src/algorithms/edit-distance/edit-distance.tabulation.ts(90,28): error TS2532: Object is possibly 'undefined'.
src/algorithms/edit-distance/edit-distance.tabulation.ts(91,27): error TS2532: Object is possibly 'undefined'.
src/algorithms/edit-distance/edit-distance.tabulation.ts(91,27): error TS2532: Object is possibly 'undefined'.
src/algorithms/edit-distance/edit-distance.tabulation.ts(92,27): error TS2532: Object is possibly 'undefined'.
src/algorithms/edit-distance/edit-distance.tabulation.ts(92,27): error TS2532: Object is possibly 'undefined'.
src/algorithms/edit-distance/edit-distance.tabulation.ts(97,11): error TS2532: Object is possibly 'undefined'.
src/algorithms/edit-distance/edit-distance.tabulation.ts(107,11): error TS2532: Object is possibly 'undefined'.
src/algorithms/edit-distance/edit-distance.tabulation.ts(107,11): error TS2532: Object is possibly 'undefined'.
src/algorithms/edit-distance/edit-distance.tabulation.ts(108,11): error TS2532: Object is possibly 'undefined'.
src/algorithms/edit-distance/edit-distance.tabulation.ts(108,11): error TS2532: Object is possibly 'undefined'.
src/algorithms/edit-distance/edit-distance.tabulation.ts(109,11): error TS2532: Object is possibly 'undefined'.
src/algorithms/edit-distance/edit-distance.tabulation.ts(109,11): error TS2532: Object is possibly 'undefined'.
src/algorithms/edit-distance/edit-distance.tabulation.ts(114,56): error TS2532: Object is possibly 'undefined'.
src/algorithms/edit-distance/edit-distance.tabulation.ts(114,56): error TS2532: Object is possibly 'undefined'.
src/algorithms/edit-distance/edit-distance.tabulation.ts(120,7): error TS2532: Object is possibly 'undefined'.
src/algorithms/edit-distance/edit-distance.tabulation.ts(120,7): error TS2532: Object is possibly 'undefined'.
src/algorithms/edit-distance/edit-distance.tabulation.ts(123,9): error TS2532: Object is possibly 'undefined'.
src/algorithms/edit-distance/edit-distance.tabulation.ts(123,9): error TS2532: Object is possibly 'undefined'.
src/algorithms/edit-distance/edit-distance.tabulation.ts(124,9): error TS2532: Object is possibly 'undefined'.
src/algorithms/edit-distance/edit-distance.tabulation.ts(124,9): error TS2532: Object is possibly 'undefined'.
src/algorithms/edit-distance/edit-distance.tabulation.ts(124,34): error TS2532: Object is possibly 'undefined'.
src/algorithms/edit-distance/edit-distance.tabulation.ts(124,34): error TS2532: Object is possibly 'undefined'.
src/algorithms/edit-distance/edit-distance.tabulation.ts(130,55): error TS2532: Object is possibly 'undefined'.
src/algorithms/edit-distance/edit-distance.tabulation.ts(130,55): error TS2532: Object is possibly 'undefined'.
src/algorithms/edit-distance/edit-distance.tabulation.ts(130,103): error TS2532: Object is possibly 'undefined'.
src/algorithms/edit-distance/edit-distance.tabulation.ts(130,103): error TS2532: Object is possibly 'undefined'.
src/algorithms/edit-distance/edit-distance.tabulation.ts(130,140): error TS2532: Object is possibly 'undefined'.
src/algorithms/edit-distance/edit-distance.tabulation.ts(130,140): error TS2532: Object is possibly 'undefined'.
src/algorithms/edit-distance/edit-distance.tabulation.ts(131,44): error TS2532: Object is possibly 'undefined'.
src/algorithms/edit-distance/edit-distance.tabulation.ts(131,44): error TS2532: Object is possibly 'undefined'.
src/algorithms/edit-distance/edit-distance.tabulation.ts(131,90): error TS2532: Object is possibly 'undefined'.
src/algorithms/edit-distance/edit-distance.tabulation.ts(131,90): error TS2532: Object is possibly 'undefined'.
src/algorithms/edit-distance/edit-distance.tabulation.ts(131,125): error TS2532: Object is possibly 'undefined'.
src/algorithms/edit-distance/edit-distance.tabulation.ts(131,125): error TS2532: Object is possibly 'undefined'.
src/algorithms/edit-distance/edit-distance.tabulation.ts(132,44): error TS2532: Object is possibly 'undefined'.
src/algorithms/edit-distance/edit-distance.tabulation.ts(132,44): error TS2532: Object is possibly 'undefined'.
src/algorithms/edit-distance/edit-distance.tabulation.ts(132,90): error TS2532: Object is possibly 'undefined'.
src/algorithms/edit-distance/edit-distance.tabulation.ts(132,90): error TS2532: Object is possibly 'undefined'.
src/algorithms/edit-distance/edit-distance.tabulation.ts(132,125): error TS2532: Object is possibly 'undefined'.
src/algorithms/edit-distance/edit-distance.tabulation.ts(132,125): error TS2532: Object is possibly 'undefined'.
src/algorithms/edit-distance/edit-distance.tabulation.ts(135,32): error TS2532: Object is possibly 'undefined'.
src/algorithms/edit-distance/edit-distance.tabulation.ts(135,32): error TS2532: Object is possibly 'undefined'.
src/algorithms/edit-distance/edit-distance.tabulation.ts(135,76): error TS2532: Object is possibly 'undefined'.
src/algorithms/edit-distance/edit-distance.tabulation.ts(135,76): error TS2532: Object is possibly 'undefined'.
src/algorithms/edit-distance/edit-distance.tabulation.ts(135,109): error TS2532: Object is possibly 'undefined'.
src/algorithms/edit-distance/edit-distance.tabulation.ts(135,109): error TS2532: Object is possibly 'undefined'.
src/algorithms/edit-distance/edit-distance.tabulation.ts(138,11): error TS2532: Object is possibly 'undefined'.
src/algorithms/edit-distance/edit-distance.tabulation.ts(138,11): error TS2532: Object is possibly 'undefined'.
src/algorithms/edit-distance/edit-distance.tabulation.ts(139,11): error TS2532: Object is possibly 'undefined'.
src/algorithms/edit-distance/edit-distance.tabulation.ts(139,11): error TS2532: Object is possibly 'undefined'.
src/algorithms/edit-distance/edit-distance.tabulation.ts(139,36): error TS2532: Object is possibly 'undefined'.
src/algorithms/edit-distance/edit-distance.tabulation.ts(139,36): error TS2532: Object is possibly 'undefined'.
src/algorithms/edit-distance/edit-distance.tabulation.ts(145,11): error TS2532: Object is possibly 'undefined'.
src/algorithms/edit-distance/edit-distance.tabulation.ts(145,11): error TS2532: Object is possibly 'undefined'.
src/algorithms/edit-distance/edit-distance.tabulation.ts(146,11): error TS2532: Object is possibly 'undefined'.
src/algorithms/edit-distance/edit-distance.tabulation.ts(146,11): error TS2532: Object is possibly 'undefined'.
src/algorithms/edit-distance/edit-distance.tabulation.ts(146,36): error TS2532: Object is possibly 'undefined'.
src/algorithms/edit-distance/edit-distance.tabulation.ts(146,36): error TS2532: Object is possibly 'undefined'.
src/algorithms/edit-distance/edit-distance.tabulation.ts(151,11): error TS2532: Object is possibly 'undefined'.
src/algorithms/edit-distance/edit-distance.tabulation.ts(151,11): error TS2532: Object is possibly 'undefined'.
src/algorithms/edit-distance/edit-distance.tabulation.ts(152,11): error TS2532: Object is possibly 'undefined'.
src/algorithms/edit-distance/edit-distance.tabulation.ts(152,11): error TS2532: Object is possibly 'undefined'.
src/algorithms/edit-distance/edit-distance.tabulation.ts(152,36): error TS2532: Object is possibly 'undefined'.
src/algorithms/edit-distance/edit-distance.tabulation.ts(152,36): error TS2532: Object is possibly 'undefined'.
src/algorithms/edit-distance/edit-distance.tabulation.ts(160,5): error TS2532: Object is possibly 'undefined'.
src/algorithms/edit-distance/edit-distance.tabulation.ts(160,5): error TS2532: Object is possibly 'undefined'.
src/algorithms/edit-distance/edit-distance.tabulation.ts(161,58): error TS2532: Object is possibly 'undefined'.
src/algorithms/edit-distance/edit-distance.tabulation.ts(161,58): error TS2532: Object is possibly 'undefined'.
src/algorithms/edit-distance/edit-distance.tabulation.ts(185,56): error TS2532: Object is possibly 'undefined'.
src/algorithms/edit-distance/edit-distance.tabulation.ts(185,56): error TS2532: Object is possibly 'undefined'.
src/algorithms/fibonacci/fibonacci.bruteForce.ts(54,7): error TS2739: Type '{ totalOperationsSoFar: number; cacheHitsSoFar: number; stackDepth: number; redundantComputesSoFar: number; }' is missing the following properties from type 'StepMetrics': operationsCount, statesStored
src/algorithms/fibonacci/fibonacci.tabulation.ts(112,20): error TS2365: Operator '+' cannot be applied to types 'string | number' and 'string | number'.
src/algorithms/knapsack/knapsack.memoization.ts(14,7): error TS6133: 'statesStored' is declared but its value is never read.
src/algorithms/knapsack/knapsack.memoization.ts(59,7): error TS2532: Object is possibly 'undefined'.
src/algorithms/knapsack/knapsack.memoization.ts(75,7): error TS2532: Object is possibly 'undefined'.
src/algorithms/knapsack/knapsack.memoization.ts(88,7): error TS2532: Object is possibly 'undefined'.
src/algorithms/knapsack/knapsack.memoization.ts(93,5): error TS2532: Object is possibly 'undefined'.
src/algorithms/knapsack/knapsack.memoization.ts(107,22): error TS18048: 'item' is possibly 'undefined'.
src/algorithms/knapsack/knapsack.memoization.ts(113,20): error TS18048: 'item' is possibly 'undefined'.
src/algorithms/knapsack/knapsack.memoization.ts(113,57): error TS18048: 'item' is possibly 'undefined'.
src/algorithms/knapsack/knapsack.memoization.ts(122,5): error TS2532: Object is possibly 'undefined'.
src/algorithms/knapsack/knapsack.memoization.ts(122,5): error TS2322: Type '{ state: "dependency"; value?: string | number | null | undefined; }' is not assignable to type 'CellState'.
  Types of property 'value' are incompatible.
    Type 'string | number | null | undefined' is not assignable to type 'string | number | null'.
      Type 'undefined' is not assignable to type 'string | number | null'.
src/algorithms/knapsack/knapsack.memoization.ts(122,31): error TS2532: Object is possibly 'undefined'.
src/algorithms/knapsack/knapsack.memoization.ts(124,7): error TS2532: Object is possibly 'undefined'.
src/algorithms/knapsack/knapsack.memoization.ts(124,7): error TS2322: Type '{ state: "dependency"; value?: string | number | null | undefined; }' is not assignable to type 'CellState'.
  Types of property 'value' are incompatible.
    Type 'string | number | null | undefined' is not assignable to type 'string | number | null'.
      Type 'undefined' is not assignable to type 'string | number | null'.
src/algorithms/knapsack/knapsack.memoization.ts(124,27): error TS18048: 'item' is possibly 'undefined'.
src/algorithms/knapsack/knapsack.memoization.ts(124,47): error TS2532: Object is possibly 'undefined'.
src/algorithms/knapsack/knapsack.memoization.ts(124,67): error TS18048: 'item' is possibly 'undefined'.
src/algorithms/knapsack/knapsack.memoization.ts(126,5): error TS2532: Object is possibly 'undefined'.
src/algorithms/knapsack/knapsack.memoization.ts(136,36): error TS2322: Type 'boolean' is not assignable to type 'string | number'.
src/algorithms/knapsack/knapsack.memoization.ts(136,80): error TS18048: 'item' is possibly 'undefined'.
src/algorithms/knapsack/knapsack.memoization.ts(136,100): error TS18048: 'item' is possibly 'undefined'.
src/algorithms/knapsack/knapsack.memoization.ts(136,119): error TS18048: 'item' is possibly 'undefined'.
src/algorithms/knapsack/knapsack.memoization.ts(141,5): error TS2532: Object is possibly 'undefined'.
src/algorithms/knapsack/knapsack.memoization.ts(157,3): error TS2532: Object is possibly 'undefined'.
src/algorithms/knapsack/knapsack.memoization.ts(157,3): error TS2322: Type '{ state: "result"; value?: string | number | null | undefined; }' is not assignable to type 'CellState'.
  Types of property 'value' are incompatible.
    Type 'string | number | null | undefined' is not assignable to type 'string | number | null'.
      Type 'undefined' is not assignable to type 'string | number | null'.
src/algorithms/knapsack/knapsack.memoization.ts(157,29): error TS2532: Object is possibly 'undefined'.
src/algorithms/knapsack/knapsack.tabulation.ts(62,5): error TS2532: Object is possibly 'undefined'.
src/algorithms/knapsack/knapsack.tabulation.ts(81,9): error TS2532: Object is possibly 'undefined'.
src/algorithms/knapsack/knapsack.tabulation.ts(103,26): error TS18048: 'item' is possibly 'undefined'.
src/algorithms/knapsack/knapsack.tabulation.ts(105,24): error TS2532: Object is possibly 'undefined'.
src/algorithms/knapsack/knapsack.tabulation.ts(105,24): error TS2532: Object is possibly 'undefined'.
src/algorithms/knapsack/knapsack.tabulation.ts(109,7): error TS2532: Object is possibly 'undefined'.
src/algorithms/knapsack/knapsack.tabulation.ts(109,7): error TS2322: Type '{ state: "dependency"; value?: string | number | null | undefined; }' is not assignable to type 'CellState'.
  Types of property 'value' are incompatible.
    Type 'string | number | null | undefined' is not assignable to type 'string | number | null'.
      Type 'undefined' is not assignable to type 'string | number | null'.
src/algorithms/knapsack/knapsack.tabulation.ts(109,33): error TS2532: Object is possibly 'undefined'.
src/algorithms/knapsack/knapsack.tabulation.ts(112,23): error TS18048: 'item' is possibly 'undefined'.
src/algorithms/knapsack/knapsack.tabulation.ts(112,43): error TS18048: 'item' is possibly 'undefined'.
src/algorithms/knapsack/knapsack.tabulation.ts(112,62): error TS18048: 'item' is possibly 'undefined'.
src/algorithms/knapsack/knapsack.tabulation.ts(116,22): error TS18048: 'item' is possibly 'undefined'.
src/algorithms/knapsack/knapsack.tabulation.ts(116,22): error TS2365: Operator '+' cannot be applied to types 'number' and 'string | number'.
src/algorithms/knapsack/knapsack.tabulation.ts(116,35): error TS2532: Object is possibly 'undefined'.
src/algorithms/knapsack/knapsack.tabulation.ts(116,35): error TS2532: Object is possibly 'undefined'.
src/algorithms/knapsack/knapsack.tabulation.ts(116,52): error TS18048: 'item' is possibly 'undefined'.
src/algorithms/knapsack/knapsack.tabulation.ts(117,51): error TS18048: 'item' is possibly 'undefined'.
src/algorithms/knapsack/knapsack.tabulation.ts(118,9): error TS2532: Object is possibly 'undefined'.
src/algorithms/knapsack/knapsack.tabulation.ts(118,9): error TS2322: Type '{ state: "dependency"; value?: string | number | null | undefined; }' is not assignable to type 'CellState'.
  Types of property 'value' are incompatible.
    Type 'string | number | null | undefined' is not assignable to type 'string | number | null'.
      Type 'undefined' is not assignable to type 'string | number | null'.
src/algorithms/knapsack/knapsack.tabulation.ts(118,29): error TS18048: 'item' is possibly 'undefined'.
src/algorithms/knapsack/knapsack.tabulation.ts(118,49): error TS2532: Object is possibly 'undefined'.
src/algorithms/knapsack/knapsack.tabulation.ts(118,69): error TS18048: 'item' is possibly 'undefined'.
src/algorithms/knapsack/knapsack.tabulation.ts(122,44): error TS2345: Argument of type 'string | number' is not assignable to parameter of type 'number'.
  Type 'string' is not assignable to type 'number'.
src/algorithms/knapsack/knapsack.tabulation.ts(123,7): error TS2532: Object is possibly 'undefined'.
src/algorithms/knapsack/knapsack.tabulation.ts(133,52): error TS2322: Type 'boolean' is not assignable to type 'string | number'.
src/algorithms/knapsack/knapsack.tabulation.ts(140,7): error TS2532: Object is possibly 'undefined'.
src/algorithms/knapsack/knapsack.tabulation.ts(144,3): error TS2532: Object is possibly 'undefined'.
src/algorithms/knapsack/knapsack.tabulation.ts(144,3): error TS2322: Type '{ state: "result"; value?: string | number | null | undefined; }' is not assignable to type 'CellState'.
  Types of property 'value' are incompatible.
    Type 'string | number | null | undefined' is not assignable to type 'string | number | null'.
      Type 'undefined' is not assignable to type 'string | number | null'.
src/algorithms/knapsack/knapsack.tabulation.ts(144,29): error TS2532: Object is possibly 'undefined'.
src/algorithms/knapsack/knapsack.tabulation.ts(150,28): error TS2532: Object is possibly 'undefined'.
src/algorithms/knapsack/knapsack.tabulation.ts(150,28): error TS2532: Object is possibly 'undefined'.
src/algorithms/lcs/lcs.memoization.ts(69,7): error TS2532: Object is possibly 'undefined'.
src/algorithms/lcs/lcs.memoization.ts(69,7): error TS2532: Object is possibly 'undefined'.
src/algorithms/lcs/lcs.memoization.ts(73,9): error TS2532: Object is possibly 'undefined'.
src/algorithms/lcs/lcs.memoization.ts(80,11): error TS2532: Object is possibly 'undefined'.
src/algorithms/lcs/lcs.memoization.ts(80,11): error TS2532: Object is possibly 'undefined'.
src/algorithms/lcs/lcs.memoization.ts(82,9): error TS2532: Object is possibly 'undefined'.
src/algorithms/lcs/lcs.memoization.ts(82,9): error TS2532: Object is possibly 'undefined'.
src/algorithms/lcs/lcs.memoization.ts(83,62): error TS2532: Object is possibly 'undefined'.
src/algorithms/lcs/lcs.memoization.ts(83,62): error TS2532: Object is possibly 'undefined'.
src/algorithms/lcs/lcs.memoization.ts(84,9): error TS2532: Object is possibly 'undefined'.
src/algorithms/lcs/lcs.memoization.ts(84,9): error TS2532: Object is possibly 'undefined'.
src/algorithms/lcs/lcs.memoization.ts(86,16): error TS2532: Object is possibly 'undefined'.
src/algorithms/lcs/lcs.memoization.ts(86,16): error TS2532: Object is possibly 'undefined'.
src/algorithms/lcs/lcs.memoization.ts(95,9): error TS2532: Object is possibly 'undefined'.
src/algorithms/lcs/lcs.memoization.ts(95,9): error TS2532: Object is possibly 'undefined'.
src/algorithms/lcs/lcs.memoization.ts(96,9): error TS2532: Object is possibly 'undefined'.
src/algorithms/lcs/lcs.memoization.ts(96,9): error TS2532: Object is possibly 'undefined'.
src/algorithms/lcs/lcs.memoization.ts(99,9): error TS2532: Object is possibly 'undefined'.
src/algorithms/lcs/lcs.memoization.ts(99,9): error TS2532: Object is possibly 'undefined'.
src/algorithms/lcs/lcs.memoization.ts(104,9): error TS2532: Object is possibly 'undefined'.
src/algorithms/lcs/lcs.memoization.ts(104,9): error TS2532: Object is possibly 'undefined'.
src/algorithms/lcs/lcs.memoization.ts(105,9): error TS2532: Object is possibly 'undefined'.
src/algorithms/lcs/lcs.memoization.ts(105,9): error TS2532: Object is possibly 'undefined'.
src/algorithms/lcs/lcs.memoization.ts(106,9): error TS2532: Object is possibly 'undefined'.
src/algorithms/lcs/lcs.memoization.ts(106,9): error TS2532: Object is possibly 'undefined'.
src/algorithms/lcs/lcs.memoization.ts(117,9): error TS2532: Object is possibly 'undefined'.
src/algorithms/lcs/lcs.memoization.ts(117,9): error TS2532: Object is possibly 'undefined'.
src/algorithms/lcs/lcs.memoization.ts(118,9): error TS2532: Object is possibly 'undefined'.
src/algorithms/lcs/lcs.memoization.ts(118,9): error TS2532: Object is possibly 'undefined'.
src/algorithms/lcs/lcs.memoization.ts(121,7): error TS2532: Object is possibly 'undefined'.
src/algorithms/lcs/lcs.memoization.ts(135,7): error TS2532: Object is possibly 'undefined'.
src/algorithms/lcs/lcs.memoization.ts(135,7): error TS2532: Object is possibly 'undefined'.
src/algorithms/lcs/lcs.memoization.ts(139,9): error TS2532: Object is possibly 'undefined'.
src/algorithms/lcs/lcs.memoization.ts(139,9): error TS2532: Object is possibly 'undefined'.
src/algorithms/lcs/lcs.memoization.ts(140,9): error TS2532: Object is possibly 'undefined'.
src/algorithms/lcs/lcs.memoization.ts(140,9): error TS2532: Object is possibly 'undefined'.
src/algorithms/lcs/lcs.memoization.ts(140,32): error TS2532: Object is possibly 'undefined'.
src/algorithms/lcs/lcs.memoization.ts(140,32): error TS2532: Object is possibly 'undefined'.
src/algorithms/lcs/lcs.memoization.ts(146,9): error TS2532: Object is possibly 'undefined'.
src/algorithms/lcs/lcs.memoization.ts(146,9): error TS2532: Object is possibly 'undefined'.
src/algorithms/lcs/lcs.memoization.ts(147,9): error TS2532: Object is possibly 'undefined'.
src/algorithms/lcs/lcs.memoization.ts(147,9): error TS2532: Object is possibly 'undefined'.
src/algorithms/lcs/lcs.memoization.ts(148,24): error TS2532: Object is possibly 'undefined'.
src/algorithms/lcs/lcs.memoization.ts(148,24): error TS2532: Object is possibly 'undefined'.
src/algorithms/lcs/lcs.memoization.ts(149,25): error TS2532: Object is possibly 'undefined'.
src/algorithms/lcs/lcs.memoization.ts(149,25): error TS2532: Object is possibly 'undefined'.
src/algorithms/lcs/lcs.memoization.ts(156,11): error TS2532: Object is possibly 'undefined'.
src/algorithms/lcs/lcs.memoization.ts(156,11): error TS2532: Object is possibly 'undefined'.
src/algorithms/lcs/lcs.memoization.ts(157,11): error TS2532: Object is possibly 'undefined'.
src/algorithms/lcs/lcs.memoization.ts(157,11): error TS2532: Object is possibly 'undefined'.
src/algorithms/lcs/lcs.memoization.ts(158,11): error TS2532: Object is possibly 'undefined'.
src/algorithms/lcs/lcs.memoization.ts(158,11): error TS2532: Object is possibly 'undefined'.
src/algorithms/lcs/lcs.memoization.ts(159,11): error TS2532: Object is possibly 'undefined'.
src/algorithms/lcs/lcs.memoization.ts(159,11): error TS2532: Object is possibly 'undefined'.
src/algorithms/lcs/lcs.memoization.ts(159,34): error TS2532: Object is possibly 'undefined'.
src/algorithms/lcs/lcs.memoization.ts(159,34): error TS2532: Object is possibly 'undefined'.
src/algorithms/lcs/lcs.memoization.ts(163,11): error TS2532: Object is possibly 'undefined'.
src/algorithms/lcs/lcs.memoization.ts(163,11): error TS2532: Object is possibly 'undefined'.
src/algorithms/lcs/lcs.memoization.ts(164,11): error TS2532: Object is possibly 'undefined'.
src/algorithms/lcs/lcs.memoization.ts(164,11): error TS2532: Object is possibly 'undefined'.
src/algorithms/lcs/lcs.memoization.ts(165,11): error TS2532: Object is possibly 'undefined'.
src/algorithms/lcs/lcs.memoization.ts(165,11): error TS2532: Object is possibly 'undefined'.
src/algorithms/lcs/lcs.memoization.ts(166,11): error TS2532: Object is possibly 'undefined'.
src/algorithms/lcs/lcs.memoization.ts(166,11): error TS2532: Object is possibly 'undefined'.
src/algorithms/lcs/lcs.memoization.ts(166,34): error TS2532: Object is possibly 'undefined'.
src/algorithms/lcs/lcs.memoization.ts(166,34): error TS2532: Object is possibly 'undefined'.
src/algorithms/lcs/lcs.memoization.ts(172,5): error TS2532: Object is possibly 'undefined'.
src/algorithms/lcs/lcs.memoization.ts(172,5): error TS2532: Object is possibly 'undefined'.
src/algorithms/lcs/lcs.tabulation.ts(67,7): error TS2532: Object is possibly 'undefined'.
src/algorithms/lcs/lcs.tabulation.ts(72,7): error TS2532: Object is possibly 'undefined'.
src/algorithms/lcs/lcs.tabulation.ts(79,9): error TS2532: Object is possibly 'undefined'.
src/algorithms/lcs/lcs.tabulation.ts(79,9): error TS2532: Object is possibly 'undefined'.
src/algorithms/lcs/lcs.tabulation.ts(80,9): error TS2532: Object is possibly 'undefined'.
src/algorithms/lcs/lcs.tabulation.ts(80,9): error TS2532: Object is possibly 'undefined'.
src/algorithms/lcs/lcs.tabulation.ts(85,23): error TS2532: Object is possibly 'undefined'.
src/algorithms/lcs/lcs.tabulation.ts(85,23): error TS2532: Object is possibly 'undefined'.
src/algorithms/lcs/lcs.tabulation.ts(86,11): error TS2532: Object is possibly 'undefined'.
src/algorithms/lcs/lcs.tabulation.ts(87,11): error TS2532: Object is possibly 'undefined'.
src/algorithms/lcs/lcs.tabulation.ts(87,11): error TS2532: Object is possibly 'undefined'.
src/algorithms/lcs/lcs.tabulation.ts(91,11): error TS2532: Object is possibly 'undefined'.
src/algorithms/lcs/lcs.tabulation.ts(91,11): error TS2532: Object is possibly 'undefined'.
src/algorithms/lcs/lcs.tabulation.ts(92,11): error TS2532: Object is possibly 'undefined'.
src/algorithms/lcs/lcs.tabulation.ts(92,11): error TS2532: Object is possibly 'undefined'.
src/algorithms/lcs/lcs.tabulation.ts(93,11): error TS2532: Object is possibly 'undefined'.
src/algorithms/lcs/lcs.tabulation.ts(93,11): error TS2532: Object is possibly 'undefined'.
src/algorithms/lcs/lcs.tabulation.ts(95,114): error TS2532: Object is possibly 'undefined'.
src/algorithms/lcs/lcs.tabulation.ts(95,114): error TS2532: Object is possibly 'undefined'.
src/algorithms/lcs/lcs.tabulation.ts(95,144): error TS2532: Object is possibly 'undefined'.
src/algorithms/lcs/lcs.tabulation.ts(95,144): error TS2532: Object is possibly 'undefined'.
src/algorithms/lcs/lcs.tabulation.ts(97,16): error TS2532: Object is possibly 'undefined'.
src/algorithms/lcs/lcs.tabulation.ts(97,16): error TS2532: Object is possibly 'undefined'.
src/algorithms/lcs/lcs.tabulation.ts(97,51): error TS2532: Object is possibly 'undefined'.
src/algorithms/lcs/lcs.tabulation.ts(97,51): error TS2532: Object is possibly 'undefined'.
src/algorithms/lcs/lcs.tabulation.ts(98,13): error TS2532: Object is possibly 'undefined'.
src/algorithms/lcs/lcs.tabulation.ts(98,36): error TS2532: Object is possibly 'undefined'.
src/algorithms/lcs/lcs.tabulation.ts(98,36): error TS2532: Object is possibly 'undefined'.
src/algorithms/lcs/lcs.tabulation.ts(100,105): error TS2532: Object is possibly 'undefined'.
src/algorithms/lcs/lcs.tabulation.ts(100,105): error TS2532: Object is possibly 'undefined'.
src/algorithms/lcs/lcs.tabulation.ts(100,135): error TS2532: Object is possibly 'undefined'.
src/algorithms/lcs/lcs.tabulation.ts(100,135): error TS2532: Object is possibly 'undefined'.
src/algorithms/lcs/lcs.tabulation.ts(102,13): error TS2532: Object is possibly 'undefined'.
src/algorithms/lcs/lcs.tabulation.ts(102,36): error TS2532: Object is possibly 'undefined'.
src/algorithms/lcs/lcs.tabulation.ts(102,36): error TS2532: Object is possibly 'undefined'.
src/algorithms/lcs/lcs.tabulation.ts(104,106): error TS2532: Object is possibly 'undefined'.
src/algorithms/lcs/lcs.tabulation.ts(104,106): error TS2532: Object is possibly 'undefined'.
src/algorithms/lcs/lcs.tabulation.ts(104,136): error TS2532: Object is possibly 'undefined'.
src/algorithms/lcs/lcs.tabulation.ts(104,136): error TS2532: Object is possibly 'undefined'.
src/algorithms/lcs/lcs.tabulation.ts(106,11): error TS2532: Object is possibly 'undefined'.
src/algorithms/lcs/lcs.tabulation.ts(106,11): error TS2532: Object is possibly 'undefined'.
src/algorithms/lcs/lcs.tabulation.ts(107,11): error TS2532: Object is possibly 'undefined'.
src/algorithms/lcs/lcs.tabulation.ts(107,11): error TS2532: Object is possibly 'undefined'.
src/algorithms/lcs/lcs.tabulation.ts(112,56): error TS2532: Object is possibly 'undefined'.
src/algorithms/lcs/lcs.tabulation.ts(112,56): error TS2532: Object is possibly 'undefined'.
